127.0.0.1 - - [07/Jun/2017:08:51:10 +0900] "GET / HTTP/1.1" 404 1078
192.168.0.15 - - [07/Jun/2017:08:51:19 +0900] "GET /web01/step05/Servlet01 HTTP/1.1" 200 398
192.168.0.15 - - [07/Jun/2017:08:51:19 +0900] "GET /favicon.ico HTTP/1.1" 404 1089
192.168.0.15 - - [07/Jun/2017:08:51:22 +0900] "GET /web01/step05/Servlet02 HTTP/1.1" 200 1343
127.0.0.1 - - [07/Jun/2017:08:54:00 +0900] "GET / HTTP/1.1" 404 1078
192.168.0.15 - - [07/Jun/2017:08:54:08 +0900] "GET /web01/step05/Servlet02 HTTP/1.1" 200 1403
192.168.0.15 - - [07/Jun/2017:08:54:36 +0900] "GET /web01/step05/Servlet02 HTTP/1.1" 200 1403
127.0.0.1 - - [07/Jun/2017:08:54:46 +0900] "GET / HTTP/1.1" 404 1078
192.168.0.15 - - [07/Jun/2017:08:54:49 +0900] "GET /web01/step05/Servlet02 HTTP/1.1" 200 1425
192.168.0.15 - - [07/Jun/2017:08:54:55 +0900] "GET /web01/step04/Servlet02 HTTP/1.1" 200 686
192.168.0.15 - - [07/Jun/2017:08:55:56 +0900] "GET /web01/step04/Servlet03 HTTP/1.1" 200 3599
192.168.0.15 - - [07/Jun/2017:08:55:57 +0900] "GET /web01/step04/Servlet04 HTTP/1.1" 200 2446
192.168.0.15 - - [07/Jun/2017:08:56:00 +0900] "GET /web01/step04/Servlet02 HTTP/1.1" 200 689
192.168.0.15 - - [07/Jun/2017:08:56:01 +0900] "GET /web01/step04/Servlet04?no=1 HTTP/1.1" 200 606
192.168.0.15 - - [07/Jun/2017:08:56:10 +0900] "GET /web01/step05/Servlet02 HTTP/1.1" 200 1425
192.168.0.15 - - [07/Jun/2017:08:56:12 +0900] "GET /web01/step05/Servlet04?no=5 HTTP/1.1" 200 990
192.168.0.15 - - [07/Jun/2017:08:56:26 +0900] "GET /web01/step05/Servlet04?no=4 HTTP/1.1" 200 990
192.168.0.15 - - [07/Jun/2017:08:56:35 +0900] "GET /web01/step05/Servlet02 HTTP/1.1" 200 1425
192.168.0.15 - - [07/Jun/2017:08:56:38 +0900] "POST /web01/step05/Servlet05 HTTP/1.1" 200 3589
127.0.0.1 - - [07/Jun/2017:08:59:48 +0900] "GET / HTTP/1.1" 404 1078
192.168.0.15 - - [07/Jun/2017:08:59:52 +0900] "GET /web01/step05/Servlet02 HTTP/1.1" 200 1425
192.168.0.15 - - [07/Jun/2017:08:59:54 +0900] "GET /web01/step05/Servlet04?no=4 HTTP/1.1" 200 990
192.168.0.15 - - [07/Jun/2017:08:59:58 +0900] "GET /web01/step05/form.html HTTP/1.1" 304 -
192.168.0.15 - - [07/Jun/2017:09:00:44 +0900] "POST /web01/step05/Servlet03 HTTP/1.1" 200 212
192.168.0.15 - - [07/Jun/2017:09:00:45 +0900] "GET /web01/step05/Servlet02 HTTP/1.1" 200 1425
192.168.0.15 - - [07/Jun/2017:09:00:51 +0900] "GET /web01/step05/Servlet02?pageNo=1&pageSize=100 HTTP/1.1" 200 3457
192.168.0.15 - - [07/Jun/2017:09:00:54 +0900] "GET /web01/step05/Servlet04?no=15 HTTP/1.1" 200 979
192.168.0.15 - - [07/Jun/2017:09:00:57 +0900] "GET /web01/step05/Servlet06?no=15 HTTP/1.1" 200 212
192.168.0.15 - - [07/Jun/2017:09:00:58 +0900] "GET /web01/step05/Servlet02 HTTP/1.1" 200 1425
192.168.0.15 - - [07/Jun/2017:09:01:02 +0900] "GET /web01/step05/Servlet02?pageNo=1&pageSize=100 HTTP/1.1" 200 3266
192.168.0.15 - - [07/Jun/2017:09:01:03 +0900] "GET /web01/step05/Servlet04?no=16 HTTP/1.1" 200 981
192.168.0.15 - - [07/Jun/2017:09:01:41 +0900] "GET /web01/step05/Servlet02 HTTP/1.1" 200 1425
192.168.0.15 - - [07/Jun/2017:09:01:42 +0900] "GET /web01/step05/Servlet04?no=3 HTTP/1.1" 200 991
192.168.0.15 - - [07/Jun/2017:09:02:11 +0900] "GET /web01/step04/Servlet02 HTTP/1.1" 200 689
192.168.0.15 - - [07/Jun/2017:09:02:13 +0900] "GET /web01/step04/Servlet04?no=1 HTTP/1.1" 200 606
192.168.0.15 - - [07/Jun/2017:09:02:28 +0900] "GET /web01/step04/Servlet02 HTTP/1.1" 200 689
192.168.0.15 - - [07/Jun/2017:09:02:28 +0900] "GET /web01/step04/Servlet04?no=2 HTTP/1.1" 200 606
192.168.0.15 - - [07/Jun/2017:09:02:30 +0900] "POST /web01/step04/Servlet05 HTTP/1.1" 200 218
192.168.0.15 - - [07/Jun/2017:09:02:31 +0900] "GET /web01/step04/Servlet02 HTTP/1.1" 200 689
127.0.0.1 - - [07/Jun/2017:09:04:44 +0900] "GET / HTTP/1.1" 404 1078
192.168.0.15 - - [07/Jun/2017:09:04:50 +0900] "GET /web01/step05/Servlet02 HTTP/1.1" 200 2991
127.0.0.1 - - [07/Jun/2017:09:08:00 +0900] "GET / HTTP/1.1" 404 1078
192.168.0.15 - - [07/Jun/2017:09:08:04 +0900] "GET /web01/step05/Servlet02 HTTP/1.1" 200 1425
192.168.0.15 - - [07/Jun/2017:09:08:06 +0900] "GET /web01/step05/Servlet04?no=4 HTTP/1.1" 200 990
192.168.0.15 - - [07/Jun/2017:09:08:09 +0900] "GET /web01/step05/Servlet04?no=5 HTTP/1.1" 200 990
192.168.0.15 - - [07/Jun/2017:09:08:11 +0900] "GET /web01/step05/Servlet04?no=1 HTTP/1.1" 200 991
192.168.0.15 - - [07/Jun/2017:09:08:15 +0900] "GET /web01/step05/Servlet02?pageNo=1&pageSize=100 HTTP/1.1" 200 3263
192.168.0.15 - - [07/Jun/2017:09:08:16 +0900] "GET /web01/step05/Servlet04?no=16 HTTP/1.1" 200 978
192.168.0.15 - - [07/Jun/2017:09:08:46 +0900] "GET /web01/step05/Servlet04?no=16 HTTP/1.1" 200 978
192.168.0.15 - - [07/Jun/2017:09:08:47 +0900] "POST /web01/step05/Servlet05 HTTP/1.1" 500 1670
192.168.0.15 - - [07/Jun/2017:09:09:18 +0900] "POST /web01/step05/Servlet05 HTTP/1.1" 500 1670
192.168.0.15 - - [07/Jun/2017:09:09:58 +0900] "GET /web01/step05/Servlet06?no=16 HTTP/1.1" 200 212
192.168.0.15 - - [07/Jun/2017:09:09:59 +0900] "GET /web01/step05/Servlet02 HTTP/1.1" 200 1425
127.0.0.1 - - [07/Jun/2017:09:20:02 +0900] "GET / HTTP/1.1" 404 1078
192.168.0.15 - - [07/Jun/2017:09:20:28 +0900] "GET /web01/step05/Servlet02 HTTP/1.1" 200 1425
192.168.0.15 - - [07/Jun/2017:09:20:30 +0900] "GET /web01/step05/Servlet04?no=5 HTTP/1.1" 200 990
192.168.0.15 - - [07/Jun/2017:09:20:31 +0900] "GET /web01/step05/Servlet02 HTTP/1.1" 200 1425
192.168.0.15 - - [07/Jun/2017:09:20:34 +0900] "GET /web01/step05/Servlet02?pageNo=1&pageSize=100 HTTP/1.1" 200 3073
192.168.0.15 - - [07/Jun/2017:09:21:15 +0900] "POST /web01/step05/Servlet03 HTTP/1.1" 200 212
192.168.0.15 - - [07/Jun/2017:09:21:16 +0900] "GET /web01/step05/Servlet02 HTTP/1.1" 200 1425
192.168.0.15 - - [07/Jun/2017:09:21:19 +0900] "GET /web01/step05/Servlet02?pageNo=1&pageSize=100 HTTP/1.1" 200 3250
192.168.0.15 - - [07/Jun/2017:09:21:20 +0900] "GET /web01/step05/Servlet04?no=17 HTTP/1.1" 200 965
192.168.0.15 - - [07/Jun/2017:09:21:21 +0900] "POST /web01/step05/Servlet05 HTTP/1.1" 200 3057
127.0.0.1 - - [07/Jun/2017:09:22:56 +0900] "GET / HTTP/1.1" 404 1078
192.168.0.15 - - [07/Jun/2017:09:23:01 +0900] "GET /web01/step05/Servlet02 HTTP/1.1" 200 1425
192.168.0.15 - - [07/Jun/2017:09:23:04 +0900] "GET /web01/step05/Servlet02?pageNo=1&pageSize=100 HTTP/1.1" 200 3250
192.168.0.15 - - [07/Jun/2017:09:23:05 +0900] "GET /web01/step05/Servlet04?no=17 HTTP/1.1" 200 965
192.168.0.15 - - [07/Jun/2017:09:23:07 +0900] "POST /web01/step05/Servlet05 HTTP/1.1" 200 3591
192.168.0.15 - - [07/Jun/2017:09:24:54 +0900] "GET /web01/Lecture/Servlet02 HTTP/1.1" 404 1101
127.0.0.1 - - [07/Jun/2017:09:46:09 +0900] "GET / HTTP/1.1" 404 1078
192.168.0.15 - - [07/Jun/2017:09:46:27 +0900] "GET /web01/ClassRoom/Servlet01 HTTP/1.1" 200 65
192.168.0.15 - - [07/Jun/2017:09:46:33 +0900] "GET /web01/ClassRoom/Servlet02 HTTP/1.1" 200 689
192.168.0.15 - - [07/Jun/2017:09:46:53 +0900] "GET /web01/ClassRoom/Servlet02?pageNo=1&pageSize=100 HTTP/1.1" 200 1687
192.168.0.15 - - [07/Jun/2017:09:46:59 +0900] "GET /web01/ClassRoom/form.html HTTP/1.1" 404 1103
192.168.0.15 - - [07/Jun/2017:09:47:02 +0900] "GET /web01/ClassRoom/form.html HTTP/1.1" 404 1103
127.0.0.1 - - [07/Jun/2017:09:48:46 +0900] "GET / HTTP/1.1" 404 1078
192.168.0.15 - - [07/Jun/2017:09:48:49 +0900] "GET /web01/ClassRoom/Servlet02?pageNo=1&pageSize=100 HTTP/1.1" 200 1687
192.168.0.15 - - [07/Jun/2017:09:48:51 +0900] "GET /web01/ClassRoom/Servlet04?no=15 HTTP/1.1" 200 606
192.168.0.15 - - [07/Jun/2017:09:48:53 +0900] "GET /web01/ClassRoom/form.html HTTP/1.1" 200 283
192.168.0.15 - - [07/Jun/2017:09:48:59 +0900] "GET /web01/ClassRoom/Servlet04?no=1 HTTP/1.1" 200 606
192.168.0.15 - - [07/Jun/2017:09:49:12 +0900] "POST /web01/ClassRoom/Servlet03 HTTP/1.1" 200 219
192.168.0.15 - - [07/Jun/2017:09:49:13 +0900] "GET /web01/ClassRoom/Servlet02 HTTP/1.1" 200 689
192.168.0.15 - - [07/Jun/2017:09:49:17 +0900] "GET /web01/ClassRoom/Servlet02?pageNo=1&pageSize=100 HTTP/1.1" 200 1768
192.168.0.15 - - [07/Jun/2017:09:49:19 +0900] "GET /web01/ClassRoom/Servlet04?no=19 HTTP/1.1" 200 611
192.168.0.15 - - [07/Jun/2017:09:49:25 +0900] "POST /web01/ClassRoom/Servlet05 HTTP/1.1" 200 218
192.168.0.15 - - [07/Jun/2017:09:49:26 +0900] "GET /web01/ClassRoom/Servlet02 HTTP/1.1" 200 689
192.168.0.15 - - [07/Jun/2017:09:49:30 +0900] "GET /web01/ClassRoom/Servlet02?pageNo=1&pageSize=100 HTTP/1.1" 200 1767
192.168.0.15 - - [07/Jun/2017:09:49:32 +0900] "GET /web01/ClassRoom/Servlet04?no=19 HTTP/1.1" 200 610
192.168.0.15 - - [07/Jun/2017:09:49:34 +0900] "GET /web01/ClassRoom/Servlet06?no=19 HTTP/1.1" 200 218
192.168.0.15 - - [07/Jun/2017:09:49:35 +0900] "GET /web01/ClassRoom/Servlet02 HTTP/1.1" 200 689
192.168.0.15 - - [07/Jun/2017:09:49:54 +0900] "GET /web01/Lecture/Servlet02 HTTP/1.1" 200 1425
192.168.0.15 - - [07/Jun/2017:09:50:18 +0900] "GET /web01/Lecture/Servlet02?pageNo=1&pageSize=100 HTTP/1.1" 200 3250
192.168.0.15 - - [07/Jun/2017:09:50:20 +0900] "GET /web01/Lecture/form.html HTTP/1.1" 200 566
192.168.0.15 - - [07/Jun/2017:09:50:26 +0900] "GET /web01/Lecture/Servlet04?no=17 HTTP/1.1" 200 965
192.168.0.15 - - [07/Jun/2017:09:50:27 +0900] "POST /web01/Lecture/Servlet05 HTTP/1.1" 200 3591
127.0.0.1 - - [07/Jun/2017:09:53:31 +0900] "GET / HTTP/1.1" 404 1078
192.168.0.15 - - [07/Jun/2017:09:53:49 +0900] "GET /web01/Lecture/Servlet02?pageNo=1&pageSize=100 HTTP/1.1" 200 3250
192.168.0.15 - - [07/Jun/2017:09:53:54 +0900] "GET /web01/Lecture/Servlet04?no=17 HTTP/1.1" 200 965
192.168.0.15 - - [07/Jun/2017:09:53:58 +0900] "POST /web01/Lecture/Servlet05 HTTP/1.1" 200 3591
127.0.0.1 - - [07/Jun/2017:10:11:09 +0900] "GET / HTTP/1.1" 404 1078
192.168.0.15 - - [07/Jun/2017:10:11:19 +0900] "GET /web01/step04/Servlet01 HTTP/1.1" 200 144
192.168.0.15 - - [07/Jun/2017:10:11:20 +0900] "GET /web01/step04/Servlet01/b HTTP/1.1" 404 1102
192.168.0.15 - - [07/Jun/2017:10:12:07 +0900] "GET /web01/step04/Servlet01/ HTTP/1.1" 404 1101
192.168.0.15 - - [07/Jun/2017:10:12:10 +0900] "GET /web01/step04/Servlet01/ HTTP/1.1" 404 1101
127.0.0.1 - - [07/Jun/2017:10:12:21 +0900] "GET / HTTP/1.1" 404 1078
192.168.0.15 - - [07/Jun/2017:10:12:28 +0900] "GET /web01/step04/Servlet01 HTTP/1.1" 200 144
192.168.0.15 - - [07/Jun/2017:10:12:29 +0900] "GET /web01/step04/Servlet01/b HTTP/1.1" 404 1102
192.168.0.15 - - [07/Jun/2017:10:12:45 +0900] "GET /web01/step04/Servlet01?page=b HTTP/1.1" 200 144
192.168.0.15 - - [07/Jun/2017:10:12:46 +0900] "GET /web01/step04/Servlet01/b HTTP/1.1" 404 1102
192.168.0.15 - - [07/Jun/2017:10:13:03 +0900] "GET /web01/step04/Servlet01?page=a HTTP/1.1" 200 144
192.168.0.15 - - [07/Jun/2017:10:13:04 +0900] "GET /web01/step04/Servlet01/b HTTP/1.1" 404 1102
127.0.0.1 - - [07/Jun/2017:10:17:19 +0900] "GET / HTTP/1.1" 404 1078
192.168.0.15 - - [07/Jun/2017:10:17:25 +0900] "GET /web01/step04/Servlet01 HTTP/1.1" 200 144
192.168.0.15 - - [07/Jun/2017:10:17:26 +0900] "GET /web01/step04/Servlet01/b HTTP/1.1" 404 1102
127.0.0.1 - - [07/Jun/2017:10:18:33 +0900] "GET / HTTP/1.1" 404 1078
192.168.0.15 - - [07/Jun/2017:10:18:41 +0900] "GET /web01/step04/Servlet01 HTTP/1.1" 200 143
192.168.0.15 - - [07/Jun/2017:10:18:42 +0900] "GET /web01/step04/Servlet01/a HTTP/1.1" 404 1102
127.0.0.1 - - [07/Jun/2017:10:29:07 +0900] "GET / HTTP/1.1" 404 1078
192.168.0.15 - - [07/Jun/2017:10:29:11 +0900] "GET /web01/step04/Servlet01 HTTP/1.1" 200 143
192.168.0.15 - - [07/Jun/2017:10:29:12 +0900] "GET /web01/step04/Servlet01/a HTTP/1.1" 200 143
192.168.0.15 - - [07/Jun/2017:10:29:17 +0900] "GET /web01/step04/Servlet01/a HTTP/1.1" 200 143
192.168.0.15 - - [07/Jun/2017:10:29:18 +0900] "GET /web01/step04/Servlet01/a HTTP/1.1" 200 143
192.168.0.15 - - [07/Jun/2017:10:29:18 +0900] "GET /web01/step04/Servlet01/a HTTP/1.1" 200 143
192.168.0.15 - - [07/Jun/2017:10:29:18 +0900] "GET /web01/step04/Servlet01/a HTTP/1.1" 200 143
192.168.0.15 - - [07/Jun/2017:10:29:18 +0900] "GET /web01/step04/Servlet01/a HTTP/1.1" 200 143
192.168.0.15 - - [07/Jun/2017:10:29:18 +0900] "GET /web01/step04/Servlet01/a HTTP/1.1" 200 143
192.168.0.15 - - [07/Jun/2017:10:29:18 +0900] "GET /web01/step04/Servlet01/a HTTP/1.1" 200 143
192.168.0.15 - - [07/Jun/2017:10:29:19 +0900] "GET /web01/step04/Servlet01/a HTTP/1.1" 200 143
192.168.0.15 - - [07/Jun/2017:10:29:22 +0900] "GET /web01/step04/Servlet01 HTTP/1.1" 200 143
192.168.0.15 - - [07/Jun/2017:10:29:23 +0900] "GET /web01/step04/Servlet01/a HTTP/1.1" 200 143
127.0.0.1 - - [07/Jun/2017:10:30:02 +0900] "GET / HTTP/1.1" 404 1078
192.168.0.15 - - [07/Jun/2017:10:30:12 +0900] "GET /web01/Lecture/Servlet02 HTTP/1.1" 200 1425
192.168.0.15 - - [07/Jun/2017:10:30:20 +0900] "GET /web01/Lecture/Servlet02?pageNo=1&pageSize=100 HTTP/1.1" 200 3250
192.168.0.15 - - [07/Jun/2017:10:30:21 +0900] "GET /web01/Lecture/Servlet04?no=17 HTTP/1.1" 200 965
192.168.0.15 - - [07/Jun/2017:10:30:25 +0900] "GET /web01/Lecture/Servlet02 HTTP/1.1" 200 1425
192.168.0.15 - - [07/Jun/2017:10:30:36 +0900] "GET /web01/Lecture/Servlet02 HTTP/1.1" 200 1425
192.168.0.15 - - [07/Jun/2017:10:30:37 +0900] "GET /web01/Lecture/Servlet04?no=4 HTTP/1.1" 200 990
192.168.0.15 - - [07/Jun/2017:10:39:05 +0900] "GET /web01/step04/Servlet02 HTTP/1.1" 404 1100
192.168.0.15 - - [07/Jun/2017:10:39:09 +0900] "GET /web01/step04/Servlet01 HTTP/1.1" 200 143
192.168.0.15 - - [07/Jun/2017:10:39:10 +0900] "GET /web01/step04/Servlet01/a HTTP/1.1" 200 143
192.168.0.15 - - [07/Jun/2017:10:39:15 +0900] "GET /web01/step04/Servlet02 HTTP/1.1" 404 1100
127.0.0.1 - - [07/Jun/2017:10:39:32 +0900] "GET / HTTP/1.1" 404 1078
192.168.0.15 - - [07/Jun/2017:10:39:39 +0900] "GET /web01/step04/Servlet02 HTTP/1.1" 200 200
192.168.0.15 - - [07/Jun/2017:10:39:40 +0900] "GET /web01/step04/Servlet01/a HTTP/1.1" 200 143
192.168.0.15 - - [07/Jun/2017:10:39:44 +0900] "GET /web01/step04/Servlet02 HTTP/1.1" 200 200
192.168.0.15 - - [07/Jun/2017:10:39:45 +0900] "GET /web01/step04/Servlet01/a HTTP/1.1" 200 143
192.168.0.15 - - [07/Jun/2017:10:39:57 +0900] "GET /web01/step04/Servlet02 HTTP/1.1" 200 200
192.168.0.15 - - [07/Jun/2017:10:39:58 +0900] "GET /web01/step04/Servlet01/a HTTP/1.1" 200 143
192.168.0.15 - - [07/Jun/2017:10:40:09 +0900] "GET /web01/step04/Servlet01?page=b HTTP/1.1" 200 143
192.168.0.15 - - [07/Jun/2017:10:40:10 +0900] "GET /web01/step04/Servlet01/b HTTP/1.1" 200 143
192.168.0.15 - - [07/Jun/2017:10:40:24 +0900] "GET /web01/step04/Servlet01?page=c HTTP/1.1" 200 143
192.168.0.15 - - [07/Jun/2017:10:40:32 +0900] "GET /web01/step04/Servlet01?page=a HTTP/1.1" 200 143
192.168.0.15 - - [07/Jun/2017:10:40:36 +0900] "GET /web01/step04/Servlet01 HTTP/1.1" 200 143
192.168.0.15 - - [07/Jun/2017:10:40:38 +0900] "GET /web01/step04/Servlet01/a HTTP/1.1" 200 143
192.168.0.15 - - [07/Jun/2017:10:40:49 +0900] "GET /web01/step04/Servlet02?page=b HTTP/1.1" 200 200
192.168.0.15 - - [07/Jun/2017:10:40:50 +0900] "GET /web01/step04/Servlet01/b HTTP/1.1" 200 143
127.0.0.1 - - [07/Jun/2017:10:57:19 +0900] "GET / HTTP/1.1" 404 1078
192.168.0.15 - - [07/Jun/2017:10:58:39 +0900] "GET /web01/step04/Servlet03 HTTP/1.1" 302 -
192.168.0.15 - - [07/Jun/2017:10:58:39 +0900] "GET /web01/step04/Servlet01/a HTTP/1.1" 200 143
192.168.0.15 - - [07/Jun/2017:11:01:27 +0900] "GET /web01/step03/Servlet04 HTTP/1.1" 200 2439
192.168.0.15 - - [07/Jun/2017:11:01:31 +0900] "GET /web01/step03/Servlet02 HTTP/1.1" 200 948
192.168.0.15 - - [07/Jun/2017:11:01:33 +0900] "GET /web01/step03/Servlet01 HTTP/1.1" 200 200
192.168.0.15 - - [07/Jun/2017:11:01:35 +0900] "GET /web01/step03/Servlet02 HTTP/1.1" 200 948
192.168.0.15 - - [07/Jun/2017:11:01:37 +0900] "GET /web01/step03/Servlet04?no=22 HTTP/1.1" 200 779
192.168.0.15 - - [07/Jun/2017:11:01:38 +0900] "GET /web01/step03/Servlet02 HTTP/1.1" 200 948
192.168.0.15 - - [07/Jun/2017:11:01:41 +0900] "GET /web01/step03/Servlet03 HTTP/1.1" 200 3586
192.168.0.15 - - [07/Jun/2017:11:02:10 +0900] "GET /web01/step03/Servlet05 HTTP/1.1" 500 1451
0:0:0:0:0:0:0:1 - - [07/Jun/2017:11:02:43 +0900] "GET /web01/Servlet03 HTTP/1.1" 404 1093
0:0:0:0:0:0:0:1 - - [07/Jun/2017:11:02:43 +0900] "GET /favicon.ico HTTP/1.1" 404 1089
0:0:0:0:0:0:0:1 - - [07/Jun/2017:11:03:06 +0900] "GET /web01/Servlet03 HTTP/1.1" 404 1093
0:0:0:0:0:0:0:1 - - [07/Jun/2017:11:03:25 +0900] "GET /web01/step01/Servlet03 HTTP/1.1" 200 -
0:0:0:0:0:0:0:1 - - [07/Jun/2017:11:03:31 +0900] "GET /web01/step04/Servlet03 HTTP/1.1" 302 -
0:0:0:0:0:0:0:1 - - [07/Jun/2017:11:03:31 +0900] "GET /web01/step04/Servlet01/a HTTP/1.1" 200 143
0:0:0:0:0:0:0:1 - - [07/Jun/2017:11:03:38 +0900] "GET /web01/step04/Servlet01?page=b HTTP/1.1" 200 143
0:0:0:0:0:0:0:1 - - [07/Jun/2017:11:03:39 +0900] "GET /web01/step04/Servlet01/b HTTP/1.1" 200 143
0:0:0:0:0:0:0:1 - - [07/Jun/2017:11:03:45 +0900] "GET /web01/step04/Servlet01?page=c HTTP/1.1" 200 143
0:0:0:0:0:0:0:1 - - [07/Jun/2017:11:03:57 +0900] "GET /web01/step04/Servlet03?page=c HTTP/1.1" 200 195
0:0:0:0:0:0:0:1 - - [07/Jun/2017:11:08:12 +0900] "GET /web01/step04/Servlet03 HTTP/1.1" 302 -
0:0:0:0:0:0:0:1 - - [07/Jun/2017:11:08:12 +0900] "GET /web01/step04/Servlet01/a HTTP/1.1" 200 143
0:0:0:0:0:0:0:1 - - [07/Jun/2017:11:08:21 +0900] "GET /web01/step04/Servlet03?page=%E3%85%A0 HTTP/1.1" 200 195
0:0:0:0:0:0:0:1 - - [07/Jun/2017:11:08:25 +0900] "GET /web01/step04/Servlet03?page=b HTTP/1.1" 302 -
0:0:0:0:0:0:0:1 - - [07/Jun/2017:11:08:25 +0900] "GET /web01/step04/Servlet01/b HTTP/1.1" 200 143
0:0:0:0:0:0:0:1 - - [07/Jun/2017:11:08:37 +0900] "GET /web01/step04/Servlet03?page=c HTTP/1.1" 200 195
127.0.0.1 - - [07/Jun/2017:11:20:27 +0900] "GET / HTTP/1.1" 404 1078
0:0:0:0:0:0:0:1 - - [07/Jun/2017:11:20:35 +0900] "GET /web01/step04/Servlet03 HTTP/1.1" 500 12210
127.0.0.1 - - [07/Jun/2017:11:22:04 +0900] "GET / HTTP/1.1" 404 1078
0:0:0:0:0:0:0:1 - - [07/Jun/2017:11:22:07 +0900] "GET /web01/step04/Servlet03 HTTP/1.1" 500 20218
0:0:0:0:0:0:0:1 - - [07/Jun/2017:11:22:13 +0900] "GET /web01/step04/Servlet03 HTTP/1.1" 500 20218
127.0.0.1 - - [07/Jun/2017:11:25:17 +0900] "GET / HTTP/1.1" 404 1078
0:0:0:0:0:0:0:1 - - [07/Jun/2017:11:25:26 +0900] "GET /web01/step04/Servlet03 HTTP/1.1" 500 12210
0:0:0:0:0:0:0:1 - - [07/Jun/2017:11:25:30 +0900] "GET /web01/step04/Servlet03 HTTP/1.1" 500 12210
0:0:0:0:0:0:0:1 - - [07/Jun/2017:11:25:30 +0900] "GET /web01/step04/Servlet03 HTTP/1.1" 500 12210
0:0:0:0:0:0:0:1 - - [07/Jun/2017:11:25:30 +0900] "GET /web01/step04/Servlet03 HTTP/1.1" 500 12210
0:0:0:0:0:0:0:1 - - [07/Jun/2017:11:25:31 +0900] "GET /web01/step04/Servlet03 HTTP/1.1" 500 12210
0:0:0:0:0:0:0:1 - - [07/Jun/2017:11:25:37 +0900] "GET /web01/step04/Servlet03 HTTP/1.1" 500 12210
127.0.0.1 - - [07/Jun/2017:12:25:49 +0900] "GET / HTTP/1.1" 404 1078
0:0:0:0:0:0:0:1 - - [07/Jun/2017:12:27:38 +0900] "GET /web01/step04/list HTTP/1.1" 200 933
0:0:0:0:0:0:0:1 - - [07/Jun/2017:12:27:46 +0900] "GET /web01/step04/form.html HTTP/1.1" 200 407
0:0:0:0:0:0:0:1 - - [07/Jun/2017:12:28:03 +0900] "POST /web01/step04/add HTTP/1.1" 302 -
0:0:0:0:0:0:0:1 - - [07/Jun/2017:12:28:03 +0900] "GET /web01/step04/list HTTP/1.1" 200 925
0:0:0:0:0:0:0:1 - - [07/Jun/2017:12:28:14 +0900] "GET /web01/step04/detail?no=43 HTTP/1.1" 200 760
0:0:0:0:0:0:0:1 - - [07/Jun/2017:12:28:29 +0900] "POST /web01/step04/update HTTP/1.1" 200 179
0:0:0:0:0:0:0:1 - - [07/Jun/2017:12:28:30 +0900] "GET /web01/step04/list HTTP/1.1" 200 927
0:0:0:0:0:0:0:1 - - [07/Jun/2017:12:28:48 +0900] "GET /web01/step04/detail?no=43 HTTP/1.1" 200 762
0:0:0:0:0:0:0:1 - - [07/Jun/2017:12:28:50 +0900] "GET /web01/step04/delete?no=43 HTTP/1.1" 200 179
0:0:0:0:0:0:0:1 - - [07/Jun/2017:12:28:51 +0900] "GET /web01/step04/list HTTP/1.1" 200 933
127.0.0.1 - - [07/Jun/2017:13:53:48 +0900] "GET / HTTP/1.1" 404 1078
0:0:0:0:0:0:0:1 - - [07/Jun/2017:13:54:03 +0900] "GET /web01/Manager/Servlet01 HTTP/1.1" 200 3126
0:0:0:0:0:0:0:1 - - [07/Jun/2017:13:54:09 +0900] "GET /web01/Manager/Servlet02 HTTP/1.1" 200 3298
127.0.0.1 - - [07/Jun/2017:13:55:45 +0900] "GET / HTTP/1.1" 404 1078
192.168.0.15 - - [07/Jun/2017:13:55:57 +0900] "GET /web01/Manager/Servlet01 HTTP/1.1" 200 2694
192.168.0.15 - - [07/Jun/2017:13:57:43 +0900] "GET /web01/Manager/Servlet01 HTTP/1.1" 200 3126
192.168.0.15 - - [07/Jun/2017:13:57:46 +0900] "GET /web01/Manager/Servlet01 HTTP/1.1" 200 3126
192.168.0.15 - - [07/Jun/2017:14:12:01 +0900] "GET /web01/Lecture/Servlet02 HTTP/1.1" 200 1425
192.168.0.15 - - [07/Jun/2017:14:12:04 +0900] "GET /web01/Lecture/form.html HTTP/1.1" 304 -
192.168.0.15 - - [07/Jun/2017:14:12:19 +0900] "POST /web01/Lecture/Servlet03 HTTP/1.1" 200 3065
192.168.0.15 - - [07/Jun/2017:14:12:35 +0900] "GET /web01/Lecture/Servlet04?no=4 HTTP/1.1" 200 990
192.168.0.15 - - [07/Jun/2017:14:12:40 +0900] "GET /web01/Lecture/Servlet02?pageNo=1&pageSize=100 HTTP/1.1" 200 3250
192.168.0.15 - - [07/Jun/2017:14:12:42 +0900] "GET /web01/Lecture/Servlet04?no=17 HTTP/1.1" 200 965
192.168.0.15 - - [07/Jun/2017:14:12:48 +0900] "GET /web01/Lecture/Servlet02 HTTP/1.1" 200 1425
127.0.0.1 - - [07/Jun/2017:14:14:18 +0900] "GET / HTTP/1.1" 404 1078
0:0:0:0:0:0:0:1 - - [07/Jun/2017:14:14:35 +0900] "GET /web01/step05/Servlet01 HTTP/1.1" 500 134
0:0:0:0:0:0:0:1 - - [07/Jun/2017:14:16:24 +0900] "GET /web01/step05/Servlet01?=a=10&b=20&op=%2b HTTP/1.1" 500 134
0:0:0:0:0:0:0:1 - - [07/Jun/2017:14:16:54 +0900] "GET /web01/step05/Servlet01?a=10&b=20&op=%2b HTTP/1.1" 200 165
127.0.0.1 - - [07/Jun/2017:14:18:56 +0900] "GET / HTTP/1.1" 404 1078
0:0:0:0:0:0:0:1 - - [07/Jun/2017:14:20:20 +0900] "GET /web01/step05/Servlet01/minus?a=10&b=20&op=- HTTP/1.1" 200 166
127.0.0.1 - - [07/Jun/2017:14:23:48 +0900] "GET / HTTP/1.1" 404 1078
0:0:0:0:0:0:0:1 - - [07/Jun/2017:14:23:54 +0900] "GET /web01/step05/Servlet01/minus?a=10&b=20&op=* HTTP/1.1" 200 149
0:0:0:0:0:0:0:1 - - [07/Jun/2017:14:24:02 +0900] "GET /web01/step05/Servlet01/multiple?a=10&b=20&op=* HTTP/1.1" 200 166
127.0.0.1 - - [07/Jun/2017:14:38:18 +0900] "GET / HTTP/1.1" 404 1078
0:0:0:0:0:0:0:1 - - [07/Jun/2017:14:39:17 +0900] "GET /web01/step05/Servlet01?a=10&b=20&op=- HTTP/1.1" 200 163
0:0:0:0:0:0:0:1 - - [07/Jun/2017:14:39:24 +0900] "GET /web01/step05/Servlet01?a=10&b=20&op=%2B HTTP/1.1" 200 165
0:0:0:0:0:0:0:1 - - [07/Jun/2017:14:39:35 +0900] "GET /web01/step05/Servlet01?a=10&b=20&op=- HTTP/1.1" 200 163
127.0.0.1 - - [07/Jun/2017:14:40:31 +0900] "GET / HTTP/1.1" 404 1078
0:0:0:0:0:0:0:1 - - [07/Jun/2017:14:40:36 +0900] "GET /web01/step05/Servlet01?a=10&b=20&op=* HTTP/1.1" 200 166
127.0.0.1 - - [07/Jun/2017:14:42:03 +0900] "GET / HTTP/1.1" 404 1078
0:0:0:0:0:0:0:1 - - [07/Jun/2017:14:42:10 +0900] "GET /web01/step05/Servlet01?a=10&b=20&op=/ HTTP/1.1" 500 134
0:0:0:0:0:0:0:1 - - [07/Jun/2017:14:42:13 +0900] "GET /web01/step05/Servlet01?a=10&b=20&op=* HTTP/1.1" 200 166
127.0.0.1 - - [07/Jun/2017:14:43:00 +0900] "GET / HTTP/1.1" 404 1078
0:0:0:0:0:0:0:1 - - [07/Jun/2017:14:43:09 +0900] "GET /web01/step05/Servlet01?a=10&b=20&op=%2b HTTP/1.1" 200 165
0:0:0:0:0:0:0:1 - - [07/Jun/2017:14:43:13 +0900] "GET /web01/step05/Servlet01?a=10&b=20&op=- HTTP/1.1" 200 163
0:0:0:0:0:0:0:1 - - [07/Jun/2017:14:43:19 +0900] "GET /web01/step05/Servlet01?a=10&b=20&op=* HTTP/1.1" 200 166
0:0:0:0:0:0:0:1 - - [07/Jun/2017:14:43:22 +0900] "GET /web01/step05/Servlet01?a=10&b=20&op=/ HTTP/1.1" 200 191
127.0.0.1 - - [07/Jun/2017:15:09:07 +0900] "GET / HTTP/1.1" 404 1078
0:0:0:0:0:0:0:1 - - [07/Jun/2017:15:09:19 +0900] "GET /web01/step05/list HTTP/1.1" 200 933
0:0:0:0:0:0:0:1 - - [07/Jun/2017:15:09:20 +0900] "GET /web01/step05/form.html HTTP/1.1" 200 407
0:0:0:0:0:0:0:1 - - [07/Jun/2017:15:09:42 +0900] "POST /web01/step05/add HTTP/1.1" 302 -
0:0:0:0:0:0:0:1 - - [07/Jun/2017:15:09:42 +0900] "GET /web01/step05/list HTTP/1.1" 200 934
0:0:0:0:0:0:0:1 - - [07/Jun/2017:15:09:46 +0900] "GET /web01/step05/detail?no=44 HTTP/1.1" 200 769
0:0:0:0:0:0:0:1 - - [07/Jun/2017:15:09:58 +0900] "POST /web01/step05/update HTTP/1.1" 200 179
0:0:0:0:0:0:0:1 - - [07/Jun/2017:15:09:59 +0900] "GET /web01/step05/list HTTP/1.1" 200 997
0:0:0:0:0:0:0:1 - - [07/Jun/2017:15:10:05 +0900] "GET /web01/step05/detail?no=44 HTTP/1.1" 200 832
0:0:0:0:0:0:0:1 - - [07/Jun/2017:15:10:12 +0900] "POST /web01/step05/update HTTP/1.1" 200 147
0:0:0:0:0:0:0:1 - - [07/Jun/2017:15:10:14 +0900] "GET /web01/step05/detail?no=44 HTTP/1.1" 200 832
0:0:0:0:0:0:0:1 - - [07/Jun/2017:15:10:15 +0900] "GET /web01/step05/delete?no=44 HTTP/1.1" 200 179
0:0:0:0:0:0:0:1 - - [07/Jun/2017:15:10:16 +0900] "GET /web01/step05/list HTTP/1.1" 200 933
127.0.0.1 - - [07/Jun/2017:15:40:37 +0900] "GET / HTTP/1.1" 404 1078
0:0:0:0:0:0:0:1 - - [07/Jun/2017:15:40:55 +0900] "GET /web01/step05/Servlet02 HTTP/1.1" 200 264
127.0.0.1 - - [07/Jun/2017:15:51:19 +0900] "GET / HTTP/1.1" 404 1078
0:0:0:0:0:0:0:1 - - [07/Jun/2017:15:52:00 +0900] "GET /web01/step05/list HTTP/1.1" 200 1100
0:0:0:0:0:0:0:1 - - [07/Jun/2017:15:52:11 +0900] "GET /web01/step05/detail?no=21 HTTP/1.1" 200 935
0:0:0:0:0:0:0:1 - - [07/Jun/2017:15:52:13 +0900] "GET /web01/step05/list HTTP/1.1" 200 1100
0:0:0:0:0:0:0:1 - - [07/Jun/2017:15:52:14 +0900] "GET /web01/step05/form.html HTTP/1.1" 200 407
0:0:0:0:0:0:0:1 - - [07/Jun/2017:15:52:15 +0900] "GET /web01/step05/list HTTP/1.1" 200 1100
0:0:0:0:0:0:0:1 - - [07/Jun/2017:15:52:34 +0900] "GET /web01/step05/list?pageNo=1&pageSize=100 HTTP/1.1" 200 2792
0:0:0:0:0:0:0:1 - - [07/Jun/2017:15:52:39 +0900] "GET /web01/step05/form.html HTTP/1.1" 200 407
0:0:0:0:0:0:0:1 - - [07/Jun/2017:15:52:42 +0900] "POST /web01/step05/add HTTP/1.1" 302 -
0:0:0:0:0:0:0:1 - - [07/Jun/2017:15:52:42 +0900] "GET /web01/step05/list HTTP/1.1" 200 1093
0:0:0:0:0:0:0:1 - - [07/Jun/2017:15:52:44 +0900] "GET /web01/step05/detail?no=45 HTTP/1.1" 200 928
0:0:0:0:0:0:0:1 - - [07/Jun/2017:15:52:46 +0900] "GET /web01/step05/delete?no=45 HTTP/1.1" 200 346
0:0:0:0:0:0:0:1 - - [07/Jun/2017:15:52:47 +0900] "GET /web01/step05/list HTTP/1.1" 200 1100
127.0.0.1 - - [07/Jun/2017:16:01:33 +0900] "GET / HTTP/1.1" 404 1078
0:0:0:0:0:0:0:1 - - [07/Jun/2017:16:01:35 +0900] "GET /web01/step05/list HTTP/1.1" 200 1271
0:0:0:0:0:0:0:1 - - [07/Jun/2017:16:01:37 +0900] "GET /web01/step05/list HTTP/1.1" 200 1271
0:0:0:0:0:0:0:1 - - [07/Jun/2017:16:01:38 +0900] "GET /web01/step05/list HTTP/1.1" 200 1271
0:0:0:0:0:0:0:1 - - [07/Jun/2017:16:01:38 +0900] "GET /web01/step05/list HTTP/1.1" 200 1271
0:0:0:0:0:0:0:1 - - [07/Jun/2017:16:01:38 +0900] "GET /web01/step05/list HTTP/1.1" 200 1271
0:0:0:0:0:0:0:1 - - [07/Jun/2017:16:01:38 +0900] "GET /web01/step05/list HTTP/1.1" 200 1271
0:0:0:0:0:0:0:1 - - [07/Jun/2017:16:02:36 +0900] "GET /web01/step05/list HTTP/1.1" 500 90
0:0:0:0:0:0:0:1 - - [07/Jun/2017:16:02:38 +0900] "GET /web01/step05/list HTTP/1.1" 500 90
0:0:0:0:0:0:0:1 - - [07/Jun/2017:16:03:11 +0900] "GET /web01/step05/list HTTP/1.1" 500 90
0:0:0:0:0:0:0:1 - - [07/Jun/2017:16:03:12 +0900] "GET /web01/step05/list HTTP/1.1" 500 90
0:0:0:0:0:0:0:1 - - [07/Jun/2017:16:03:12 +0900] "GET /web01/step05/list HTTP/1.1" 500 90
0:0:0:0:0:0:0:1 - - [07/Jun/2017:16:03:13 +0900] "GET /web01/step05/list HTTP/1.1" 500 90
127.0.0.1 - - [07/Jun/2017:16:03:19 +0900] "GET / HTTP/1.1" 404 1078
0:0:0:0:0:0:0:1 - - [07/Jun/2017:16:03:28 +0900] "GET /web01/step05/list HTTP/1.1" 200 1264
0:0:0:0:0:0:0:1 - - [07/Jun/2017:16:03:33 +0900] "GET /web01/step05/list HTTP/1.1" 200 1264
0:0:0:0:0:0:0:1 - - [07/Jun/2017:16:04:54 +0900] "GET /web01/step05/form.html HTTP/1.1" 200 407
0:0:0:0:0:0:0:1 - - [07/Jun/2017:16:05:18 +0900] "POST /web01/step05/add HTTP/1.1" 302 -
0:0:0:0:0:0:0:1 - - [07/Jun/2017:16:05:18 +0900] "GET /web01/step05/list HTTP/1.1" 200 1261
0:0:0:0:0:0:0:1 - - [07/Jun/2017:16:05:21 +0900] "GET /web01/step05/detail?no=46 HTTP/1.1" 200 1096
0:0:0:0:0:0:0:1 - - [07/Jun/2017:16:05:26 +0900] "POST /web01/step05/update HTTP/1.1" 200 510
0:0:0:0:0:0:0:1 - - [07/Jun/2017:16:05:27 +0900] "GET /web01/step05/list HTTP/1.1" 200 1261
0:0:0:0:0:0:0:1 - - [07/Jun/2017:16:05:29 +0900] "GET /web01/step05/detail?no=46 HTTP/1.1" 200 1096
0:0:0:0:0:0:0:1 - - [07/Jun/2017:16:05:30 +0900] "GET /web01/step05/delete?no=46 HTTP/1.1" 200 510
0:0:0:0:0:0:0:1 - - [07/Jun/2017:16:05:31 +0900] "GET /web01/step05/list HTTP/1.1" 200 1264
0:0:0:0:0:0:0:1 - - [07/Jun/2017:16:20:13 +0900] "GET /web01/step05/form.html HTTP/1.1" 200 407
0:0:0:0:0:0:0:1 - - [07/Jun/2017:16:21:00 +0900] "GET /web01/step05/list HTTP/1.1" 200 1264
0:0:0:0:0:0:0:1 - - [07/Jun/2017:16:21:03 +0900] "GET /web01/step05/list?pageNo=1&pageSize=100 HTTP/1.1" 200 2956
0:0:0:0:0:0:0:1 - - [07/Jun/2017:16:21:05 +0900] "GET /web01/step05/form.html HTTP/1.1" 200 407
0:0:0:0:0:0:0:1 - - [07/Jun/2017:16:21:38 +0900] "POST /web01/step05/add HTTP/1.1" 302 -
0:0:0:0:0:0:0:1 - - [07/Jun/2017:16:21:38 +0900] "GET /web01/step05/list HTTP/1.1" 200 1264
0:0:0:0:0:0:0:1 - - [07/Jun/2017:16:21:42 +0900] "GET /web01/step05/list?pageNo=1&pageSize=100 HTTP/1.1" 200 3074
0:0:0:0:0:0:0:1 - - [07/Jun/2017:16:23:17 +0900] "GET /web01/step05/detail?no=10 HTTP/1.1" 200 1103
0:0:0:0:0:0:0:1 - - [07/Jun/2017:16:23:29 +0900] "POST /web01/step05/update HTTP/1.1" 200 510
0:0:0:0:0:0:0:1 - - [07/Jun/2017:16:23:30 +0900] "GET /web01/step05/list HTTP/1.1" 200 1264
0:0:0:0:0:0:0:1 - - [07/Jun/2017:16:23:33 +0900] "GET /web01/step05/list?pageNo=1&pageSize=100 HTTP/1.1" 200 3071
0:0:0:0:0:0:0:1 - - [07/Jun/2017:16:23:37 +0900] "GET /web01/step05/detail?no=3 HTTP/1.1" 200 1102
0:0:0:0:0:0:0:1 - - [07/Jun/2017:16:23:43 +0900] "POST /web01/step05/update HTTP/1.1" 200 510
0:0:0:0:0:0:0:1 - - [07/Jun/2017:16:23:44 +0900] "GET /web01/step05/list HTTP/1.1" 200 1264
0:0:0:0:0:0:0:1 - - [07/Jun/2017:16:23:46 +0900] "GET /web01/step05/list HTTP/1.1" 200 1264
0:0:0:0:0:0:0:1 - - [07/Jun/2017:16:23:49 +0900] "GET /web01/step05/list?pageNo=1&pageSize=100 HTTP/1.1" 200 3066
0:0:0:0:0:0:0:1 - - [07/Jun/2017:16:23:56 +0900] "GET /web01/step05/detail?no=4 HTTP/1.1" 200 1093
0:0:0:0:0:0:0:1 - - [07/Jun/2017:16:24:01 +0900] "POST /web01/step05/update HTTP/1.1" 200 510
0:0:0:0:0:0:0:1 - - [07/Jun/2017:16:24:02 +0900] "GET /web01/step05/list HTTP/1.1" 200 1264
0:0:0:0:0:0:0:1 - - [07/Jun/2017:16:24:05 +0900] "GET /web01/step05/list?pageNo=1&pageSize=100 HTTP/1.1" 200 3070
0:0:0:0:0:0:0:1 - - [07/Jun/2017:17:23:20 +0900] "GET /web01/step06/Servlet01 HTTP/1.1" 404 1055
127.0.0.1 - - [07/Jun/2017:17:23:29 +0900] "GET / HTTP/1.1" 404 1078
0:0:0:0:0:0:0:1 - - [07/Jun/2017:17:23:32 +0900] "GET /web01/step06/Servlet01 HTTP/1.1" 200 -
0:0:0:0:0:0:0:1 - - [07/Jun/2017:17:23:37 +0900] "GET /web01/step06/Servlet01 HTTP/1.1" 200 -
0:0:0:0:0:0:0:1 - - [07/Jun/2017:17:23:47 +0900] "GET /web01/step06/Servlet02 HTTP/1.1" 200 -
127.0.0.1 - - [07/Jun/2017:17:24:21 +0900] "GET / HTTP/1.1" 404 1078
0:0:0:0:0:0:0:1 - - [07/Jun/2017:17:24:25 +0900] "GET /web01/step06/Servlet01 HTTP/1.1" 200 -
127.0.0.1 - - [07/Jun/2017:17:31:23 +0900] "GET / HTTP/1.1" 404 1078
0:0:0:0:0:0:0:1 - - [07/Jun/2017:17:31:48 +0900] "GET /web01/step06/Servlet01 HTTP/1.1" 200 -
0:0:0:0:0:0:0:1 - - [07/Jun/2017:17:31:56 +0900] "GET /web01/step06/list HTTP/1.1" 200 1264
0:0:0:0:0:0:0:1 - - [07/Jun/2017:17:32:02 +0900] "GET /web01/step06/form.html HTTP/1.1" 404 1100
0:0:0:0:0:0:0:1 - - [07/Jun/2017:17:32:05 +0900] "GET /web01/step06/list HTTP/1.1" 200 1264
0:0:0:0:0:0:0:1 - - [07/Jun/2017:17:32:08 +0900] "GET /web01/step06/form.html HTTP/1.1" 404 1100
0:0:0:0:0:0:0:1 - - [07/Jun/2017:17:32:11 +0900] "GET /web01/step06/list HTTP/1.1" 200 1264
127.0.0.1 - - [07/Jun/2017:17:39:16 +0900] "GET / HTTP/1.1" 404 1078
0:0:0:0:0:0:0:1 - - [07/Jun/2017:17:39:18 +0900] "GET /web01/step06/list HTTP/1.1" 200 1264
0:0:0:0:0:0:0:1 - - [07/Jun/2017:17:39:19 +0900] "GET /web01/step06/form.html HTTP/1.1" 404 1100
0:0:0:0:0:0:0:1 - - [07/Jun/2017:17:39:21 +0900] "GET /web01/step06/list HTTP/1.1" 200 1264
0:0:0:0:0:0:0:1 - - [07/Jun/2017:17:39:25 +0900] "GET /web01/step06/detail?no=21 HTTP/1.1" 200 1099
0:0:0:0:0:0:0:1 - - [07/Jun/2017:17:39:26 +0900] "GET /web01/step06/list HTTP/1.1" 200 1264
127.0.0.1 - - [07/Jun/2017:17:40:21 +0900] "GET / HTTP/1.1" 404 1078
0:0:0:0:0:0:0:1 - - [07/Jun/2017:17:40:26 +0900] "GET /web01/step06/Servlet01 HTTP/1.1" 200 7
0:0:0:0:0:0:0:1 - - [07/Jun/2017:17:40:29 +0900] "GET /web01/step06/Servlet02 HTTP/1.1" 200 6
0:0:0:0:0:0:0:1 - - [07/Jun/2017:17:40:34 +0900] "GET /web01/step06/list HTTP/1.1" 200 1264
0:0:0:0:0:0:0:1 - - [07/Jun/2017:17:40:37 +0900] "GET /web01/step06/form.html HTTP/1.1" 404 1100
0:0:0:0:0:0:0:1 - - [07/Jun/2017:17:40:39 +0900] "GET /web01/step06/list HTTP/1.1" 200 1264
127.0.0.1 - - [07/Jun/2017:17:41:03 +0900] "GET / HTTP/1.1" 404 1078
0:0:0:0:0:0:0:1 - - [07/Jun/2017:17:41:06 +0900] "GET /web01/step06/list HTTP/1.1" 200 1264
0:0:0:0:0:0:0:1 - - [07/Jun/2017:17:41:08 +0900] "GET /web01/step06/form.html HTTP/1.1" 404 1100
0:0:0:0:0:0:0:1 - - [07/Jun/2017:17:41:09 +0900] "GET /web01/step06/list HTTP/1.1" 200 1264
0:0:0:0:0:0:0:1 - - [07/Jun/2017:17:41:10 +0900] "GET /web01/step06/form.html HTTP/1.1" 404 1100
0:0:0:0:0:0:0:1 - - [07/Jun/2017:17:41:14 +0900] "GET /web01/step06/list HTTP/1.1" 200 1264
0:0:0:0:0:0:0:1 - - [07/Jun/2017:17:41:29 +0900] "GET /web01/step06/detail?no=23 HTTP/1.1" 200 1099
0:0:0:0:0:0:0:1 - - [07/Jun/2017:17:41:30 +0900] "GET /web01/step06/list HTTP/1.1" 200 1264
0:0:0:0:0:0:0:1 - - [07/Jun/2017:17:41:31 +0900] "GET /web01/step06/form.html HTTP/1.1" 404 1100
0:0:0:0:0:0:0:1 - - [07/Jun/2017:17:41:35 +0900] "GET /web01/step06/list HTTP/1.1" 200 1264
0:0:0:0:0:0:0:1 - - [07/Jun/2017:17:52:02 +0900] "GET /web01/step06/form.html HTTP/1.1" 404 1100
0:0:0:0:0:0:0:1 - - [07/Jun/2017:17:52:04 +0900] "GET /web01/step06/list HTTP/1.1" 200 1264
127.0.0.1 - - [07/Jun/2017:17:52:16 +0900] "GET / HTTP/1.1" 404 1078
0:0:0:0:0:0:0:1 - - [07/Jun/2017:17:52:22 +0900] "GET /web01/step06/list HTTP/1.1" 200 1264
0:0:0:0:0:0:0:1 - - [07/Jun/2017:17:52:23 +0900] "GET /web01/step06/list HTTP/1.1" 200 1264
0:0:0:0:0:0:0:1 - - [07/Jun/2017:17:52:23 +0900] "GET /web01/step06/list HTTP/1.1" 200 1264
0:0:0:0:0:0:0:1 - - [07/Jun/2017:17:52:23 +0900] "GET /web01/step06/list HTTP/1.1" 200 1264
0:0:0:0:0:0:0:1 - - [07/Jun/2017:17:52:23 +0900] "GET /web01/step06/list HTTP/1.1" 200 1264
0:0:0:0:0:0:0:1 - - [07/Jun/2017:17:52:23 +0900] "GET /web01/step06/list HTTP/1.1" 200 1264
0:0:0:0:0:0:0:1 - - [07/Jun/2017:17:52:24 +0900] "GET /web01/step06/list HTTP/1.1" 200 1264
0:0:0:0:0:0:0:1 - - [07/Jun/2017:17:52:24 +0900] "GET /web01/step06/form.html HTTP/1.1" 404 1100
127.0.0.1 - - [07/Jun/2017:17:53:08 +0900] "GET / HTTP/1.1" 404 1078
0:0:0:0:0:0:0:1 - - [07/Jun/2017:17:53:13 +0900] "GET /web01/step06/list HTTP/1.1" 200 1264
0:0:0:0:0:0:0:1 - - [07/Jun/2017:17:53:13 +0900] "GET /web01/step06/form.html HTTP/1.1" 200 407
127.0.0.1 - - [07/Jun/2017:18:19:05 +0900] "GET / HTTP/1.1" 404 1078
0:0:0:0:0:0:0:1 - - [07/Jun/2017:18:19:27 +0900] "GET /web01/Lectur/Servlet02 HTTP/1.1" 404 1100
0:0:0:0:0:0:0:1 - - [07/Jun/2017:18:19:32 +0900] "GET /web01/Lecture/Servlet02 HTTP/1.1" 200 1365
0:0:0:0:0:0:0:1 - - [07/Jun/2017:18:19:34 +0900] "GET /web01/Lecture/Servlet04?no=1 HTTP/1.1" 200 979
0:0:0:0:0:0:0:1 - - [07/Jun/2017:18:19:35 +0900] "GET /web01/Lecture/Servlet02 HTTP/1.1" 200 1365
0:0:0:0:0:0:0:1 - - [07/Jun/2017:18:19:36 +0900] "GET /web01/Lecture/Servlet04?no=2 HTTP/1.1" 200 979
0:0:0:0:0:0:0:1 - - [07/Jun/2017:18:19:37 +0900] "GET /web01/Lecture/Servlet02 HTTP/1.1" 200 1365
0:0:0:0:0:0:0:1 - - [07/Jun/2017:18:20:02 +0900] "GET /web01/Lecture/Servlet02?pageNo=1&pageSize=100 HTTP/1.1" 200 3082
0:0:0:0:0:0:0:1 - - [07/Jun/2017:18:20:04 +0900] "GET /web01/Lecture/Servlet04?no=17 HTTP/1.1" 200 953
0:0:0:0:0:0:0:1 - - [07/Jun/2017:18:20:06 +0900] "POST /web01/Lecture/Servlet05 HTTP/1.1" 500 1452
0:0:0:0:0:0:0:1 - - [07/Jun/2017:18:20:09 +0900] "GET /web01/Lecture/Servlet04?no=17 HTTP/1.1" 200 953
0:0:0:0:0:0:0:1 - - [07/Jun/2017:18:21:18 +0900] "POST /web01/Lecture/Servlet05 HTTP/1.1" 500 1452
127.0.0.1 - - [07/Jun/2017:18:24:32 +0900] "GET / HTTP/1.1" 404 1078
0:0:0:0:0:0:0:1 - - [07/Jun/2017:18:24:40 +0900] "POST /web01/Lecture/Servlet05 HTTP/1.1" 500 1452
0:0:0:0:0:0:0:1 - - [07/Jun/2017:18:24:47 +0900] "GET /web01/Lecture/Servlet02 HTTP/1.1" 200 1425
0:0:0:0:0:0:0:1 - - [07/Jun/2017:18:24:52 +0900] "GET /web01/Lecture/form.html HTTP/1.1" 200 566
0:0:0:0:0:0:0:1 - - [07/Jun/2017:18:25:30 +0900] "POST /web01/Lecture/Servlet03 HTTP/1.1" 200 212
0:0:0:0:0:0:0:1 - - [07/Jun/2017:18:25:31 +0900] "GET /web01/Lecture/Servlet02 HTTP/1.1" 200 1425
0:0:0:0:0:0:0:1 - - [07/Jun/2017:18:25:33 +0900] "GET /web01/Lecture/form.html HTTP/1.1" 200 566
0:0:0:0:0:0:0:1 - - [07/Jun/2017:18:25:35 +0900] "GET /web01/Lecture/Servlet02 HTTP/1.1" 200 1425
0:0:0:0:0:0:0:1 - - [07/Jun/2017:18:25:37 +0900] "GET /web01/Lecture/Servlet02?pageNo=1&pageSize=100 HTTP/1.1" 200 3452
0:0:0:0:0:0:0:1 - - [07/Jun/2017:18:25:39 +0900] "GET /web01/Lecture/Servlet04?no=18 HTTP/1.1" 200 990
0:0:0:0:0:0:0:1 - - [07/Jun/2017:18:25:49 +0900] "POST /web01/Lecture/Servlet05 HTTP/1.1" 500 1452
0:0:0:0:0:0:0:1 - - [07/Jun/2017:18:25:51 +0900] "GET /web01/Lecture/Servlet04?no=18 HTTP/1.1" 200 990
127.0.0.1 - - [07/Jun/2017:18:30:09 +0900] "GET / HTTP/1.1" 404 1078
0:0:0:0:0:0:0:1 - - [07/Jun/2017:18:30:30 +0900] "GET /web01/Lecture/Servlet04?no=18 HTTP/1.1" 200 989
0:0:0:0:0:0:0:1 - - [07/Jun/2017:18:30:33 +0900] "GET /web01/Lecture/Servlet02 HTTP/1.1" 200 1425
0:0:0:0:0:0:0:1 - - [07/Jun/2017:18:30:36 +0900] "GET /web01/Lecture/Servlet02?pageNo=1&pageSize=100 HTTP/1.1" 200 3452
0:0:0:0:0:0:0:1 - - [07/Jun/2017:18:30:38 +0900] "GET /web01/Lecture/Servlet04?no=18 HTTP/1.1" 200 989
0:0:0:0:0:0:0:1 - - [07/Jun/2017:18:30:40 +0900] "GET /web01/Lecture/Servlet02?pageNo=1&pageSize=100 HTTP/1.1" 200 3452
0:0:0:0:0:0:0:1 - - [07/Jun/2017:18:30:41 +0900] "GET /web01/Lecture/Servlet04?no=17 HTTP/1.1" 200 964
0:0:0:0:0:0:0:1 - - [07/Jun/2017:18:30:43 +0900] "POST /web01/Lecture/Servlet05 HTTP/1.1" 200 212
0:0:0:0:0:0:0:1 - - [07/Jun/2017:18:30:45 +0900] "GET /web01/Lecture/Servlet02 HTTP/1.1" 200 1425
0:0:0:0:0:0:0:1 - - [07/Jun/2017:18:30:55 +0900] "GET /web01/Lecture/form.html HTTP/1.1" 200 566
0:0:0:0:0:0:0:1 - - [07/Jun/2017:18:31:45 +0900] "POST /web01/Lecture/Servlet03 HTTP/1.1" 200 212
0:0:0:0:0:0:0:1 - - [07/Jun/2017:18:31:47 +0900] "GET /web01/Lecture/Servlet02 HTTP/1.1" 200 1425
0:0:0:0:0:0:0:1 - - [07/Jun/2017:18:31:49 +0900] "GET /web01/Lecture/Servlet02 HTTP/1.1" 200 1425
0:0:0:0:0:0:0:1 - - [07/Jun/2017:18:31:52 +0900] "GET /web01/Lecture/Servlet02?pageNo=1&pageSize=100 HTTP/1.1" 200 3664
0:0:0:0:0:0:0:1 - - [07/Jun/2017:18:31:53 +0900] "GET /web01/Lecture/Servlet04?no=19 HTTP/1.1" 200 999
0:0:0:0:0:0:0:1 - - [07/Jun/2017:18:32:04 +0900] "POST /web01/Lecture/Servlet05 HTTP/1.1" 200 212
0:0:0:0:0:0:0:1 - - [07/Jun/2017:18:32:06 +0900] "GET /web01/Lecture/Servlet02 HTTP/1.1" 200 1425
0:0:0:0:0:0:0:1 - - [07/Jun/2017:18:32:08 +0900] "GET /web01/Lecture/Servlet02 HTTP/1.1" 200 1425
0:0:0:0:0:0:0:1 - - [07/Jun/2017:18:32:11 +0900] "GET /web01/Lecture/Servlet02?pageNo=1&pageSize=100 HTTP/1.1" 200 3666
0:0:0:0:0:0:0:1 - - [07/Jun/2017:18:52:36 +0900] "GET /web01/Manager/Servlet01 HTTP/1.1" 200 2694
0:0:0:0:0:0:0:1 - - [07/Jun/2017:18:54:42 +0900] "GET /web01/Lecture/Servlet01 HTTP/1.1" 200 398
0:0:0:0:0:0:0:1 - - [07/Jun/2017:18:54:49 +0900] "GET /web01/Manager/Servlet01 HTTP/1.1" 200 2694
127.0.0.1 - - [07/Jun/2017:18:57:57 +0900] "GET / HTTP/1.1" 404 1078
0:0:0:0:0:0:0:1 - - [07/Jun/2017:18:57:58 +0900] "GET /web01/Manager/Servlet01 HTTP/1.1" 200 2694
0:0:0:0:0:0:0:1 - - [07/Jun/2017:18:58:00 +0900] "GET /web01/Manager/Servlet01 HTTP/1.1" 200 2694
0:0:0:0:0:0:0:1 - - [07/Jun/2017:18:59:53 +0900] "GET /web01/Manager/form.html HTTP/1.1" 200 500
0:0:0:0:0:0:0:1 - - [07/Jun/2017:18:59:56 +0900] "POST /web01/Manager/Servlet03 HTTP/1.1" 200 2815
0:0:0:0:0:0:0:1 - - [07/Jun/2017:19:00:14 +0900] "GET /web01/Manager/Servlet02 HTTP/1.1" 200 2866
127.0.0.1 - - [07/Jun/2017:19:03:48 +0900] "GET / HTTP/1.1" 404 1078
0:0:0:0:0:0:0:1 - - [07/Jun/2017:19:03:55 +0900] "GET /web01/Manager/Servlet01 HTTP/1.1" 200 3125
127.0.0.1 - - [07/Jun/2017:19:07:54 +0900] "GET / HTTP/1.1" 404 1078
0:0:0:0:0:0:0:1 - - [07/Jun/2017:19:08:05 +0900] "GET /web01/Manager/Servlet01 HTTP/1.1" 200 3125
0:0:0:0:0:0:0:1 - - [07/Jun/2017:19:08:07 +0900] "GET /web01/Manager/Servlet01 HTTP/1.1" 200 3125
0:0:0:0:0:0:0:1 - - [07/Jun/2017:19:08:08 +0900] "GET /web01/Manager/Servlet01 HTTP/1.1" 200 3125
0:0:0:0:0:0:0:1 - - [07/Jun/2017:19:08:08 +0900] "GET /web01/Manager/Servlet01 HTTP/1.1" 200 3125
127.0.0.1 - - [07/Jun/2017:19:09:31 +0900] "GET / HTTP/1.1" 404 1078
0:0:0:0:0:0:0:1 - - [07/Jun/2017:19:09:34 +0900] "GET /web01/Manager/Servlet01 HTTP/1.1" 200 3126
127.0.0.1 - - [07/Jun/2017:19:12:16 +0900] "GET / HTTP/1.1" 404 1078
0:0:0:0:0:0:0:1 - - [07/Jun/2017:19:12:20 +0900] "GET /web01/Manager/Servlet01 HTTP/1.1" 200 3126
127.0.0.1 - - [07/Jun/2017:19:13:15 +0900] "GET / HTTP/1.1" 404 1078
0:0:0:0:0:0:0:1 - - [07/Jun/2017:19:13:18 +0900] "GET /web01/Manager/Servlet01 HTTP/1.1" 200 2694
127.0.0.1 - - [07/Jun/2017:19:18:10 +0900] "GET / HTTP/1.1" 404 1078
0:0:0:0:0:0:0:1 - - [07/Jun/2017:19:18:15 +0900] "GET /web01/Manager/Servlet01 HTTP/1.1" 200 3272
127.0.0.1 - - [07/Jun/2017:19:19:38 +0900] "GET / HTTP/1.1" 404 1078
127.0.0.1 - - [07/Jun/2017:19:21:38 +0900] "GET / HTTP/1.1" 404 1078
0:0:0:0:0:0:0:1 - - [07/Jun/2017:19:21:42 +0900] "GET /web01/Manager/Servlet01 HTTP/1.1" 200 3272
127.0.0.1 - - [07/Jun/2017:19:25:54 +0900] "GET / HTTP/1.1" 404 1078
0:0:0:0:0:0:0:1 - - [07/Jun/2017:19:25:57 +0900] "GET /web01/Manager/Servlet01 HTTP/1.1" 200 2694
0:0:0:0:0:0:0:1 - - [07/Jun/2017:19:26:25 +0900] "GET /web01/Manager/Servlet01 HTTP/1.1" 200 2694
0:0:0:0:0:0:0:1 - - [07/Jun/2017:19:26:27 +0900] "GET /web01/Manager/Servlet01 HTTP/1.1" 200 2694
0:0:0:0:0:0:0:1 - - [07/Jun/2017:19:26:28 +0900] "GET /web01/Manager/Servlet01 HTTP/1.1" 200 2694
0:0:0:0:0:0:0:1 - - [07/Jun/2017:19:26:32 +0900] "GET /web01/Manager/Servlet01 HTTP/1.1" 200 2694
0:0:0:0:0:0:0:1 - - [07/Jun/2017:19:26:33 +0900] "GET /web01/Manager/Servlet01 HTTP/1.1" 200 2694
0:0:0:0:0:0:0:1 - - [07/Jun/2017:19:26:35 +0900] "GET /web01/Manager/Servlet01 HTTP/1.1" 200 2694
0:0:0:0:0:0:0:1 - - [07/Jun/2017:19:26:36 +0900] "GET /web01/Manager/Servlet01 HTTP/1.1" 200 2694
0:0:0:0:0:0:0:1 - - [07/Jun/2017:19:26:37 +0900] "GET /web01/Manager/Servlet01 HTTP/1.1" 200 2694
127.0.0.1 - - [07/Jun/2017:19:34:26 +0900] "GET / HTTP/1.1" 404 1078
0:0:0:0:0:0:0:1 - - [07/Jun/2017:19:34:30 +0900] "GET /web01/Manager/Servlet02 HTTP/1.1" 200 2866
0:0:0:0:0:0:0:1 - - [07/Jun/2017:19:34:33 +0900] "GET /web01/Manager/Servlet01 HTTP/1.1" 200 2694
127.0.0.1 - - [07/Jun/2017:19:36:24 +0900] "GET / HTTP/1.1" 404 1078
0:0:0:0:0:0:0:1 - - [07/Jun/2017:19:36:28 +0900] "GET /web01/Manager/Servlet01 HTTP/1.1" 200 3126
127.0.0.1 - - [07/Jun/2017:19:37:22 +0900] "GET / HTTP/1.1" 404 1078
0:0:0:0:0:0:0:1 - - [07/Jun/2017:19:37:23 +0900] "GET /web01/Manager/Servlet01 HTTP/1.1" 200 3127
127.0.0.1 - - [07/Jun/2017:19:37:36 +0900] "GET / HTTP/1.1" 404 1078
0:0:0:0:0:0:0:1 - - [07/Jun/2017:19:37:38 +0900] "GET /web01/Manager/Servlet01 HTTP/1.1" 200 2478
0:0:0:0:0:0:0:1 - - [07/Jun/2017:19:37:54 +0900] "GET /web01/Manager/Servlet01 HTTP/1.1" 200 2478
0:0:0:0:0:0:0:1 - - [07/Jun/2017:19:37:55 +0900] "GET /web01/Manager/Servlet01 HTTP/1.1" 200 2478
0:0:0:0:0:0:0:1 - - [07/Jun/2017:19:37:55 +0900] "GET /web01/Manager/Servlet01 HTTP/1.1" 200 2478
0:0:0:0:0:0:0:1 - - [07/Jun/2017:19:37:56 +0900] "GET /web01/Manager/Servlet01 HTTP/1.1" 200 2478
0:0:0:0:0:0:0:1 - - [07/Jun/2017:19:37:56 +0900] "GET /web01/Manager/Servlet01 HTTP/1.1" 200 192
127.0.0.1 - - [07/Jun/2017:19:39:16 +0900] "GET / HTTP/1.1" 404 1078
0:0:0:0:0:0:0:1 - - [07/Jun/2017:19:39:18 +0900] "GET /web01/Manager/Servlet01 HTTP/1.1" 200 2694
0:0:0:0:0:0:0:1 - - [07/Jun/2017:19:39:22 +0900] "GET /web01/Manager/Servlet02 HTTP/1.1" 200 2866
0:0:0:0:0:0:0:1 - - [07/Jun/2017:19:39:24 +0900] "GET /web01/Manager/Servlet01 HTTP/1.1" 200 2694
127.0.0.1 - - [07/Jun/2017:19:40:44 +0900] "GET / HTTP/1.1" 404 1078
0:0:0:0:0:0:0:1 - - [07/Jun/2017:19:40:46 +0900] "GET /web01/Manager/Servlet01 HTTP/1.1" 200 2694
127.0.0.1 - - [07/Jun/2017:19:41:42 +0900] "GET / HTTP/1.1" 404 1078
0:0:0:0:0:0:0:1 - - [07/Jun/2017:19:41:46 +0900] "GET /web01/Manager/Servlet01 HTTP/1.1" 200 2694
127.0.0.1 - - [07/Jun/2017:19:48:22 +0900] "GET / HTTP/1.1" 404 1078
0:0:0:0:0:0:0:1 - - [07/Jun/2017:19:48:27 +0900] "GET /web01/Manager/Servlet01 HTTP/1.1" 200 3126
0:0:0:0:0:0:0:1 - - [07/Jun/2017:19:48:39 +0900] "GET /web01/Manager/Servlet01 HTTP/1.1" 200 3126
127.0.0.1 - - [07/Jun/2017:19:48:46 +0900] "GET / HTTP/1.1" 404 1078
0:0:0:0:0:0:0:1 - - [07/Jun/2017:19:48:47 +0900] "GET /web01/Manager/Servlet01 HTTP/1.1" 200 3128
0:0:0:0:0:0:0:1 - - [07/Jun/2017:19:48:57 +0900] "GET /web01/Manager/Servlet01 HTTP/1.1" 200 3128
0:0:0:0:0:0:0:1 - - [07/Jun/2017:19:48:58 +0900] "GET /web01/Manager/Servlet01 HTTP/1.1" 200 3128
0:0:0:0:0:0:0:1 - - [07/Jun/2017:19:48:58 +0900] "GET /web01/Manager/Servlet01 HTTP/1.1" 200 3128
0:0:0:0:0:0:0:1 - - [07/Jun/2017:19:48:59 +0900] "GET /web01/Manager/Servlet01 HTTP/1.1" 200 3128
127.0.0.1 - - [07/Jun/2017:19:49:04 +0900] "GET / HTTP/1.1" 404 1078
0:0:0:0:0:0:0:1 - - [07/Jun/2017:19:49:04 +0900] "GET /web01/Manager/Servlet01 HTTP/1.1" 200 2478
127.0.0.1 - - [07/Jun/2017:19:49:20 +0900] "GET / HTTP/1.1" 404 1078
0:0:0:0:0:0:0:1 - - [07/Jun/2017:19:49:23 +0900] "GET /web01/Manager/Servlet01 HTTP/1.1" 200 192
127.0.0.1 - - [07/Jun/2017:19:49:50 +0900] "GET / HTTP/1.1" 404 1078
0:0:0:0:0:0:0:1 - - [07/Jun/2017:19:49:52 +0900] "GET /web01/Manager/Servlet01 HTTP/1.1" 200 2694
0:0:0:0:0:0:0:1 - - [07/Jun/2017:19:49:54 +0900] "GET /web01/Manager/Servlet02 HTTP/1.1" 200 2866
0:0:0:0:0:0:0:1 - - [07/Jun/2017:19:49:56 +0900] "GET /web01/Manager/Servlet01 HTTP/1.1" 200 2694
0:0:0:0:0:0:0:1 - - [07/Jun/2017:19:49:57 +0900] "GET /web01/Manager/Servlet02 HTTP/1.1" 200 2866
0:0:0:0:0:0:0:1 - - [07/Jun/2017:19:49:59 +0900] "GET /web01/Manager/Servlet01 HTTP/1.1" 200 2694
127.0.0.1 - - [07/Jun/2017:19:50:51 +0900] "GET / HTTP/1.1" 404 1078
0:0:0:0:0:0:0:1 - - [07/Jun/2017:19:50:56 +0900] "GET /web01/Manager/Servlet01 HTTP/1.1" 200 2694
0:0:0:0:0:0:0:1 - - [07/Jun/2017:19:50:58 +0900] "GET /web01/Manager/Servlet01 HTTP/1.1" 200 2694
0:0:0:0:0:0:0:1 - - [07/Jun/2017:19:50:58 +0900] "GET /web01/Manager/Servlet01 HTTP/1.1" 200 2694
0:0:0:0:0:0:0:1 - - [07/Jun/2017:19:50:58 +0900] "GET /web01/Manager/Servlet01 HTTP/1.1" 200 2694
0:0:0:0:0:0:0:1 - - [07/Jun/2017:19:50:59 +0900] "GET /web01/Manager/Servlet01 HTTP/1.1" 200 2694
127.0.0.1 - - [07/Jun/2017:19:51:38 +0900] "GET / HTTP/1.1" 404 1078
0:0:0:0:0:0:0:1 - - [07/Jun/2017:19:51:39 +0900] "GET /web01/Manager/Servlet01 HTTP/1.1" 200 2664
0:0:0:0:0:0:0:1 - - [07/Jun/2017:19:51:41 +0900] "GET /web01/Manager/Servlet01 HTTP/1.1" 200 2664
0:0:0:0:0:0:0:1 - - [07/Jun/2017:19:51:55 +0900] "GET /web01/Manager/Servlet01 HTTP/1.1" 200 2664
127.0.0.1 - - [07/Jun/2017:19:52:02 +0900] "GET / HTTP/1.1" 404 1078
0:0:0:0:0:0:0:1 - - [07/Jun/2017:19:52:03 +0900] "GET /web01/Manager/Servlet01 HTTP/1.1" 200 2694
127.0.0.1 - - [07/Jun/2017:19:52:43 +0900] "GET / HTTP/1.1" 404 1078
0:0:0:0:0:0:0:1 - - [07/Jun/2017:19:52:44 +0900] "GET /web01/Manager/Servlet01 HTTP/1.1" 200 2694
0:0:0:0:0:0:0:1 - - [07/Jun/2017:19:52:45 +0900] "GET /web01/Manager/Servlet01 HTTP/1.1" 200 2694
0:0:0:0:0:0:0:1 - - [07/Jun/2017:19:52:46 +0900] "GET /web01/Manager/Servlet01 HTTP/1.1" 200 2694
0:0:0:0:0:0:0:1 - - [07/Jun/2017:19:52:46 +0900] "GET /web01/Manager/Servlet01 HTTP/1.1" 200 2694
0:0:0:0:0:0:0:1 - - [07/Jun/2017:19:52:47 +0900] "GET /web01/Manager/Servlet01 HTTP/1.1" 200 2694
0:0:0:0:0:0:0:1 - - [07/Jun/2017:19:52:47 +0900] "GET /web01/Manager/Servlet01 HTTP/1.1" 200 2694
127.0.0.1 - - [07/Jun/2017:20:07:34 +0900] "GET / HTTP/1.1" 404 1078
0:0:0:0:0:0:0:1 - - [07/Jun/2017:20:07:38 +0900] "GET /web01/Manager/Servlet01 HTTP/1.1" 200 2694
127.0.0.1 - - [07/Jun/2017:20:14:56 +0900] "GET / HTTP/1.1" 404 1078
0:0:0:0:0:0:0:1 - - [07/Jun/2017:20:15:02 +0900] "GET /web01/Manager/Servlet01 HTTP/1.1" 200 2694
127.0.0.1 - - [07/Jun/2017:20:15:40 +0900] "GET / HTTP/1.1" 404 1078
0:0:0:0:0:0:0:1 - - [07/Jun/2017:20:15:46 +0900] "GET /web01/Manager/Servlet01 HTTP/1.1" 200 2694
127.0.0.1 - - [07/Jun/2017:20:22:37 +0900] "GET / HTTP/1.1" 404 1078
0:0:0:0:0:0:0:1 - - [07/Jun/2017:20:22:43 +0900] "GET /web01/Manager/Servlet02 HTTP/1.1" 200 2866
0:0:0:0:0:0:0:1 - - [07/Jun/2017:20:22:46 +0900] "GET /web01/Manager/Servlet02 HTTP/1.1" 200 2866
0:0:0:0:0:0:0:1 - - [07/Jun/2017:20:22:50 +0900] "GET /web01/Manager/Servlet01 HTTP/1.1" 200 2694
127.0.0.1 - - [07/Jun/2017:20:24:05 +0900] "GET / HTTP/1.1" 404 1078
0:0:0:0:0:0:0:1 - - [07/Jun/2017:20:24:12 +0900] "GET /web01/Manager/Servlet01 HTTP/1.1" 200 2694
0:0:0:0:0:0:0:1 - - [07/Jun/2017:20:24:51 +0900] "GET /web01/Manager/Servlet02 HTTP/1.1" 200 867
127.0.0.1 - - [07/Jun/2017:20:25:14 +0900] "GET / HTTP/1.1" 404 1078
0:0:0:0:0:0:0:1 - - [07/Jun/2017:20:25:17 +0900] "GET /web01/Manager/Servlet02 HTTP/1.1" 200 2854
127.0.0.1 - - [07/Jun/2017:20:25:31 +0900] "GET / HTTP/1.1" 404 1078
0:0:0:0:0:0:0:1 - - [07/Jun/2017:20:25:34 +0900] "GET /web01/Manager/Servlet02 HTTP/1.1" 200 867
127.0.0.1 - - [07/Jun/2017:20:27:08 +0900] "GET / HTTP/1.1" 404 1078
0:0:0:0:0:0:0:1 - - [07/Jun/2017:20:27:11 +0900] "GET /web01/Manager/Servlet02 HTTP/1.1" 200 871
0:0:0:0:0:0:0:1 - - [07/Jun/2017:20:27:12 +0900] "GET /web01/Manager/Servlet02 HTTP/1.1" 200 871
127.0.0.1 - - [07/Jun/2017:20:28:22 +0900] "GET / HTTP/1.1" 404 1078
0:0:0:0:0:0:0:1 - - [07/Jun/2017:20:28:23 +0900] "GET /web01/Manager/Servlet02 HTTP/1.1" 200 875
0:0:0:0:0:0:0:1 - - [07/Jun/2017:20:28:26 +0900] "GET /web01/Manager/Servlet02 HTTP/1.1" 200 875
127.0.0.1 - - [07/Jun/2017:20:29:08 +0900] "GET / HTTP/1.1" 404 1078
0:0:0:0:0:0:0:1 - - [07/Jun/2017:20:29:11 +0900] "GET /web01/Manager/Servlet02 HTTP/1.1" 200 3484
127.0.0.1 - - [07/Jun/2017:20:29:55 +0900] "GET / HTTP/1.1" 404 1078
0:0:0:0:0:0:0:1 - - [07/Jun/2017:20:30:00 +0900] "GET /web01/Manager/Servlet01 HTTP/1.1" 200 3312
0:0:0:0:0:0:0:1 - - [07/Jun/2017:20:30:04 +0900] "GET /web01/Manager/Servlet02 HTTP/1.1" 200 3484
127.0.0.1 - - [07/Jun/2017:20:30:39 +0900] "GET / HTTP/1.1" 404 1078
0:0:0:0:0:0:0:1 - - [07/Jun/2017:20:30:47 +0900] "GET /web01/Manager/Servlet02 HTTP/1.1" 200 867
